<?xml version="1.0" encoding="utf-8"?>
<!DOCTYPE html PUBLIC "-//W3C//DTD XHTML 1.0 Strict//EN"
          "DTD/xhtml1-strict.dtd">
<html>
  <head>
    <title>twisted.trial.unittest.Todo.expected : API documentation</title>
    <meta content="text/html;charset=utf-8" http-equiv="Content-Type" />
    <link href="apidocs.css" type="text/css" rel="stylesheet" />
    
    
  </head>
  <body>
    <h1 class="method">t.t.u.T.expected(self, failure) : method documentation</h1>
    <p>
      <span id="part">Part of <a href="twisted.html">twisted</a>.<a href="twisted.trial.html">trial</a>.<a href="twisted.trial.unittest.html">unittest</a>.<a href="twisted.trial.unittest.Todo.html">Todo</a></span>
      <a href="http://twistedmatrix.com/trac/browser/tags/releases/twisted-15.1.0/twisted/trial/_synctest.py#L70">View Source</a>
      
    </p>
    <div>
      
    </div>
    <div class="docstring">
      <div><table class="fieldTable"><tr class="fieldStart"><td class="fieldName">Parameters</td><td class="fieldArg">failure</td><td>A <a href="twisted.python.failure.Failure.html"><code>twisted.python.failure.Failure</code></a>.</td></tr><tr class="fieldStart"><td class="fieldName">Returns</td><td colspan="2"><code>True</code> if <code>failure</code> is expected, <code>False</code> 
otherwise.</td></tr></table></div>
    </div>

    
    <div id="splitTables">
      
      
    </div>
    
    

    
    <address>
      <a href="index.html">API Documentation</a> for <a href="http://twistedmatrix.com/">Twisted</a>, generated by <a href="https://launchpad.net/pydoctor/">pydoctor</a> at 2015-04-13 15:26:48.
    </address>
  </body>
</html>