<!DOCTYPE html
  PUBLIC "-//W3C//DTD XHTML 1.0 Strict//EN"
  "DTD/xhtml1-strict.dtd">
<html>
  <head>
    <title>API docs for &ldquo;twisted.trial.unittest.Todo.expected&rdquo;</title>
    <meta content="text/html;charset=utf-8" http-equiv="Content-Type" />
    <link href="apidocs.css" type="text/css" rel="stylesheet" />
    
    
  </head>
  <body>
    <h1 class="method">Method t.t.u.T.expected(self, failure):</h1>
    <p>
      <span id="part">Part of <a href="twisted.html">twisted</a>.<a href="twisted.trial.html">trial</a>.<a href="twisted.trial.unittest.html">unittest</a>.<a href="twisted.trial.unittest.Todo.html">Todo</a></span>
      <a href="http://twistedmatrix.com/trac/browser/tags/releases/twisted-8.0.1/twisted/trial/unittest.py#L67">View Source</a>
      
    </p>
    <div>
      
    </div>
    <div><table class="fieldTable"><tr class="fieldStart"><td class="fieldName">Parameters</td><td class="fieldArg">failure</td><td>A <a 
href="twisted.python.failure.Failure.html"><code>twisted.python.failure.Failure</code></a>.
</td></tr><tr class="fieldStart"><td class="fieldName">Returns</td><td colspan="2"><code>True</code> if <code>failure</code> is expected, 
<code>False</code> otherwise.
</td></tr></table></div>
    
    
    <div id="splitTables">
      
      
      
    </div>
    
    
    
    
    
    <address>
      <a href="index.html">API Documentation</a> for <a href="http://twistedmatrix.com/trac">Twisted</a>, generated by <a href="http://codespeak.net/~mwh/pydoctor/">pydoctor</a> at 2008-05-18 16:42:17.
    </address>
  </body>
</html>